[Wall] id = 0 | start.x = 465 | start.y = 513 | end.x = 558 | end.y = 431
[Wall] id = 1 | start.x = 558 | start.y = 431 | end.x = 737 | end.y = 370
[Wall] id = 2 | start.x = 737 | start.y = 370 | end.x = 1062 | end.y = 369
[Wall] id = 3 | start.x = 1062 | start.y = 369 | end.x = 1249 | end.y = 483
[Wall] id = 4 | start.x = 1249 | start.y = 483 | end.x = 1276 | end.y = 579
[Wall] id = 5 | start.x = 1276 | start.y = 579 | end.x = 1099 | end.y = 675
[Wall] id = 6 | start.x = 1099 | start.y = 675 | end.x = 792 | end.y = 703
[Wall] id = 7 | start.x = 792 | start.y = 703 | end.x = 588 | end.y = 670
[Wall] id = 8 | start.x = 588 | start.y = 670 | end.x = 480 | end.y = 556
[Wall] id = 9 | start.x = 480 | start.y = 556 | end.x = 465 | end.y = 513

[Room] id = 0 | first_wall_id = 0 | wall_count = 10 | floor_height = 100 | roof_height = 120


[Enemy] id = 0 | x = 827 | y = 452 | rot = 341 | hp = 100 | wep.type_id = 1 | ai.type_id = 0 | sprite_id = 0
[Enemy] id = 1 | x = 880 | y = 526 | rot = 90 | hp = 100 | wep.type_id = 1 | ai.type_id = 0 | sprite_id = 0
[Enemy] id = 2 | x = 846 | y = 573 | rot = 108 | hp = 100 | wep.type_id = 1 | ai.type_id = 0 | sprite_id = 0

[Effect] id = 0 | type_id = 0 | loc.x = 1085 | loc.y = 498 | target.x = 0 | target.y = 0 | target_id = 0



[Player] spawn.x = 680 | spawn.y = 519 | rot = 348
